Hello from agent tool!